02:27:32 INFO:Running IFC Voxelizer
